// Jest Snapshot v1, https://goo.gl/fbAQLP

exports[`Pruebas en <AddCategory /> <AddCategory /> debe de mostrarse correctamente 1`] = `
<form
  onSubmit={[Function]}
>
  <input
    id="category"
    onChange={[Function]}
    placeholder="Search"
    type="text"
    value=""
  />
</form>
`;
