// Jest Snapshot v1, https://goo.gl/fbAQLP

exports[`Pruebas en el componente <GifGridItem /> <GifGridItem /> se renderiza correctamente. 1`] = `
<div
  className="card animate__animated animate__fadeIn"
>
  <img
    alt="Título prueba"
    src="https://web.com/imagen.jpg"
  />
  <p>
    Título prueba
  </p>
</div>
`;
